total 2
-rwxr-xr-x 1 administrator 197121 117 8月  31 15:00 array.sh*
-RWXR-XR-X 1 ADMINISTRATOR 197121 350 8月  31 14:51 CASE.SH*
-rw-r--r-- 1 administrator 197121   0 8月  31 15:08 std.out
